air:cpp jon$ git commit -am "chapter.5.3.2 fixed errors"
[master ee02da4] chapter.5.3.2 fixed errors
 2 files changed, 43 insertions(+), 2 deletions(-)
air:cpp jon$ git push
Counting objects: 8, done.
Delta compression using up to 4 threads.
Compressing objects: 100% (8/8), done.
Writing objects: 100% (8/8), 1.74 KiB | 0 bytes/s, done.
Total 8 (delta 4), reused 0 (delta 0)
To https://github.com/J0hnnieWa1ker/cpp.git
   af25064..ee02da4  master -> master
air:cpp jon$ vi chapter.5.3.3.cpp
air:cpp jon$ make chapter.5.3.3
c++ -std=c++11    chapter.5.3.3.cpp   -o chapter.5.3.3
chapter.5.3.3.cpp:19:19: warning: implicit conversion from 'double' to 'int' changes value from 10.7 to 10 [-Wliteral-conversion]
    int x5 = area(10.7,9.3);        // ok: but calls area(10,9)
             ~~~~ ^~~~
chapter.5.3.3.cpp:19:24: warning: implicit conversion from 'double' to 'int' changes value from 9.300000000000001 to 9 [-Wliteral-conversion]
    int x5 = area(10.7,9.3);        // ok: but calls area(10,9)
             ~~~~      ^~~
2 warnings generated.
air:cpp jon$ ./chapter.5.3.3 
x4 (10,-7)    is: -70
x5 (10.7,9.3) is: 90
x6 (100, 9999)is: ?
air:cpp jon$ rm chapter.5.3.3 
air:cpp jon$ git status
On branch master
Your branch is up-to-date with 'origin/master'.
Untracked files:
  (use "git add <file>..." to include in what will be committed)

	chapter.5.3.3.cpp

nothing added to commit but untracked files present (use "git add" to track)
